
> gozo-authentic@0.1.0 build
> next build

   ▲ Next.js 15.4.1
   - Environments: .env.local

   Creating an optimized production build ...
<w> [webpack.cache.PackFileCacheStrategy] Serializing big strings (108kiB) impacts deserialization performance (consider using Buffer instead and decode when needed)
Failed to compile.

./app/sitemap.ts
Module not found: Can't resolve '@/lib/seo-config'

https://nextjs.org/docs/messages/module-not-found

Import trace for requested module:
./node_modules/next/dist/build/webpack/loaders/next-metadata-route-loader.js?filePath=%2FVolumes%2FInstall%20macOS%20Monterey%201%2Fgozo-authentic%2Fapp%2Fsitemap.ts&isDynamicRouteExtension=1!?__next_metadata_route__


> Build failed because of webpack errors
